/mrvl2g/dc5prengvs01_ns_ssoc_0001/soctool0v/sos_repository/soctool0v_SOS.cac/SOCTOOL_SOS/FILES/training#frontend#uvm#lab6#design#dut#sv_262_210	/mrvl2g/dc5prengvs01_ns_ssoc_0001/soctool0v/wa/nconghuan/training/frontend/uvm/lab6/design/dut.sv
/mrvl2g/dc5prengvs01_ns_ssoc_0001/soctool0v/sos_repository/soctool0v_SOS.cac/SOCTOOL_SOS/FILES/training#frontend#uvm#lab6#dut_if#sv_257_206	/mrvl2g/dc5prengvs01_ns_ssoc_0001/soctool0v/wa/nconghuan/training/frontend/uvm/lab6/dut_if.sv
/mrvl2g/dc5prengvs01_ns_ssoc_0001/soctool0v/sos_repository/soctool0v_SOS.cac/SOCTOOL_SOS/FILES/training#frontend#uvm#lab6#sim_config_pkg#sv_256_205	/mrvl2g/dc5prengvs01_ns_ssoc_0001/soctool0v/wa/nconghuan/training/frontend/uvm/lab6/sim_config_pkg.sv
/mrvl2g/dc5prengvs01_ns_ssoc_0001/soctool0v/sos_repository/soctool0v_SOS.cac/SOCTOOL_SOS/FILES/training#frontend#uvm#lab6#top#sv_254_203	/mrvl2g/dc5prengvs01_ns_ssoc_0001/soctool0v/wa/nconghuan/training/frontend/uvm/lab6/top.sv
/mrvl2g/dc5prengvs01_ns_ssoc_0001/soctool0v/sos_repository/soctool0v_SOS.cac/SOCTOOL_SOS/FILES/training#frontend#uvm#lab6#tx_pkg#sv_255_204	/mrvl2g/dc5prengvs01_ns_ssoc_0001/soctool0v/wa/nconghuan/training/frontend/uvm/lab6/tx_pkg.sv
/mrvl2g/dc5prengvs01_ns_ssoc_0001/soctool0v/sos_repository/soctool0v_SOS.cac/SOCTOOL_SOS/FILES/training#frontend#uvm#lab6#sim_configurator#svh_253_202	/mrvl2g/dc5prengvs01_ns_ssoc_0001/soctool0v/wa/nconghuan/training/frontend/uvm/lab6/uvm/sim_configurator.svh
/mrvl2g/dc5prengvs01_ns_ssoc_0001/soctool0v/sos_repository/soctool0v_SOS.cac/SOCTOOL_SOS/FILES/training#frontend#uvm#lab6#tx_agent#svh_252_201	/mrvl2g/dc5prengvs01_ns_ssoc_0001/soctool0v/wa/nconghuan/training/frontend/uvm/lab6/uvm/tx_agent.svh
/mrvl2g/dc5prengvs01_ns_ssoc_0001/soctool0v/sos_repository/soctool0v_SOS.cac/SOCTOOL_SOS/FILES/training#frontend#uvm#lab6#tx_coverage_collector#svh_250_199	/mrvl2g/dc5prengvs01_ns_ssoc_0001/soctool0v/wa/nconghuan/training/frontend/uvm/lab6/uvm/tx_coverage_collector.svh
/mrvl2g/dc5prengvs01_ns_ssoc_0001/soctool0v/sos_repository/soctool0v_SOS.cac/SOCTOOL_SOS/FILES/training#frontend#uvm#lab6#tx_driver#svh_251_200	/mrvl2g/dc5prengvs01_ns_ssoc_0001/soctool0v/wa/nconghuan/training/frontend/uvm/lab6/uvm/tx_driver.svh
/mrvl2g/dc5prengvs01_ns_ssoc_0001/soctool0v/sos_repository/soctool0v_SOS.cac/SOCTOOL_SOS/FILES/training#frontend#uvm#lab6#tx_env#svh_249_198	/mrvl2g/dc5prengvs01_ns_ssoc_0001/soctool0v/wa/nconghuan/training/frontend/uvm/lab6/uvm/tx_env.svh
/mrvl2g/dc5prengvs01_ns_ssoc_0001/soctool0v/sos_repository/soctool0v_SOS.cac/SOCTOOL_SOS/FILES/training#frontend#uvm#lab6#tx_evaluator#svh_247_196	/mrvl2g/dc5prengvs01_ns_ssoc_0001/soctool0v/wa/nconghuan/training/frontend/uvm/lab6/uvm/tx_evaluator.svh
/mrvl2g/dc5prengvs01_ns_ssoc_0001/soctool0v/sos_repository/soctool0v_SOS.cac/SOCTOOL_SOS/FILES/training#frontend#uvm#lab6#tx_item#svh_260_209	/mrvl2g/dc5prengvs01_ns_ssoc_0001/soctool0v/wa/nconghuan/training/frontend/uvm/lab6/uvm/tx_item.svh
/mrvl2g/dc5prengvs01_ns_ssoc_0001/soctool0v/sos_repository/soctool0v_SOS.cac/SOCTOOL_SOS/FILES/training#frontend#uvm#lab6#tx_monitor#svh_248_197	/mrvl2g/dc5prengvs01_ns_ssoc_0001/soctool0v/wa/nconghuan/training/frontend/uvm/lab6/uvm/tx_monitor.svh
/mrvl2g/dc5prengvs01_ns_ssoc_0001/soctool0v/sos_repository/soctool0v_SOS.cac/SOCTOOL_SOS/FILES/training#frontend#uvm#lab6#tx_predictor#svh_259_208	/mrvl2g/dc5prengvs01_ns_ssoc_0001/soctool0v/wa/nconghuan/training/frontend/uvm/lab6/uvm/tx_predictor.svh
/mrvl2g/dc5prengvs01_ns_ssoc_0001/soctool0v/sos_repository/soctool0v_SOS.cac/SOCTOOL_SOS/FILES/training#frontend#uvm#lab6#tx_scoreboard#svh_258_207	/mrvl2g/dc5prengvs01_ns_ssoc_0001/soctool0v/wa/nconghuan/training/frontend/uvm/lab6/uvm/tx_scoreboard.svh
/mrvl2g/dc5prengvs01_ns_ssoc_0001/soctool0v/sos_repository/soctool0v_SOS.cac/SOCTOOL_SOS/FILES/training#frontend#uvm#lab6#tx_sequence#svh_246_195	/mrvl2g/dc5prengvs01_ns_ssoc_0001/soctool0v/wa/nconghuan/training/frontend/uvm/lab6/uvm/tx_sequence.svh
/mrvl2g/dc5prengvs01_ns_ssoc_0001/soctool0v/sos_repository/soctool0v_SOS.cac/SOCTOOL_SOS/FILES/training#frontend#uvm#lab6#tx_test#svh_245_194	/mrvl2g/dc5prengvs01_ns_ssoc_0001/soctool0v/wa/nconghuan/training/frontend/uvm/lab6/uvm/tx_test.svh
